PREHOOK: query: CREATE TABLE testhbase_decimal (
id int,
balance decimal(15,2))
ROW FORMAT DELIMITED
COLLECTION ITEMS TERMINATED BY '~'
STORED BY 'org.apache.hadoop.hive.hbase.HBaseStorageHandler'
WITH SERDEPROPERTIES (
"hbase.columns.mapping"=":key,cf:balance#b")
PREHOOK: type: CREATETABLE
PREHOOK: Output: database:default
PREHOOK: Output: default@testhbase_decimal
POSTHOOK: query: CREATE TABLE testhbase_decimal (
id int,
balance decimal(15,2))
ROW FORMAT DELIMITED
COLLECTION ITEMS TERMINATED BY '~'
STORED BY 'org.apache.hadoop.hive.hbase.HBaseStorageHandler'
WITH SERDEPROPERTIES (
"hbase.columns.mapping"=":key,cf:balance#b")
POSTHOOK: type: CREATETABLE
POSTHOOK: Output: database:default
POSTHOOK: Output: default@testhbase_decimal
PREHOOK: query: insert into testhbase_decimal values (1,1), (2, 2.2), (3, 33.33)
PREHOOK: type: QUERY
PREHOOK: Input: default@values__tmp__table__1
PREHOOK: Output: default@testhbase_decimal
POSTHOOK: query: insert into testhbase_decimal values (1,1), (2, 2.2), (3, 33.33)
POSTHOOK: type: QUERY
POSTHOOK: Input: default@testhbase_decimal
POSTHOOK: Input: default@values__tmp__table__1
POSTHOOK: Output: default@testhbase_decimal
PREHOOK: query: select * from testhbase_decimal
PREHOOK: type: QUERY
PREHOOK: Input: default@testhbase_decimal
#### A masked pattern was here ####
POSTHOOK: query: select * from testhbase_decimal
POSTHOOK: type: QUERY
POSTHOOK: Input: default@testhbase_decimal
#### A masked pattern was here ####
1	1.00
2	2.20
3	33.33
PREHOOK: query: drop table testhbase_decimal
PREHOOK: type: DROPTABLE
PREHOOK: Input: default@testhbase_decimal
PREHOOK: Output: default@testhbase_decimal
POSTHOOK: query: drop table testhbase_decimal
POSTHOOK: type: DROPTABLE
POSTHOOK: Input: default@testhbase_decimal
POSTHOOK: Output: default@testhbase_decimal
